// Jest Snapshot v1, https://goo.gl/fbAQLP

exports[`Header matches snapshot 1`] = `
<header>
  <nav
    className="navbar"
  >
    <a
      href="https://www.qa.com"
    >
      <img
        alt="QA Ltd"
        src="qalogo.svg"
        width="100"
      />
    </a>
    <a
      className="mr-auto"
      href="/"
    >
      <h1>
        Todo App
      </h1>
    </a>
  </nav>
</header>
`;
